K5 wide T=1 pos 0: n=1536 TV=0.0134 p=0.17
K5 wide T=1 pos 1: n=1505 TV=0.0068 p=0.875
K5 wide T=1 pos 2: n=1480 TV=0.0077 p=0.669
K5 wide T=1 pos 3: n=1377 TV=0.0148 p=0.187
K5 wide T=1 pos 4: n=1355 TV=0.0102 p=0.626
K5 wide T=1 pos 5: n=1313 TV=0.0124 p=0.316
K5 wide T=1 pos 6: n=758 TV=0.0107 p=0.874
K5 wide T=1 pos 7: n=653 TV=0.0537 p=0.108
.
=============================== warnings summary ===============================
../usr/local/lib/python3.12/dist-packages/torch/jit/_script.py:365: 14 warnings
  /usr/local/lib/python3.12/dist-packages/torch/jit/_script.py:365: DeprecationWarning: `torch.jit.script_method` is deprecated. Please switch to `torch.compile` or `torch.export`.
    warnings.warn(

test_recipe_k5.py::test_wide_temperature1_k5_l2_exact
  /usr/local/lib/python3.12/dist-packages/triton/runtime/interpreter.py:491: RuntimeWarning: invalid value encountered in subtract
    output = op(lhs.data, rhs.data)

test_recipe_k5.py::test_wide_temperature1_k5_l2_exact
  /usr/local/lib/python3.12/dist-packages/triton/runtime/interpreter.py:594: RuntimeWarning: invalid value encountered in log
    return TensorHandle(op(arg.data), arg.dtype.scalar)

test_recipe_k5.py::test_wide_temperature1_k5_l2_exact
  /usr/local/lib/python3.12/dist-packages/triton/runtime/interpreter.py:594: RuntimeWarning: divide by zero encountered in log
    return TensorHandle(op(arg.data), arg.dtype.scalar)

-- Docs: https://docs.pytest.org/en/stable/how-to/capture-warnings.html
1 passed, 3 deselected, 17 warnings in 1208.68s (0:20:08)
rc=0
