wide T=0.7 top-p 0.9 nucleus sizes per row [1, 1, 1, 1, 4, 5, 3], p(lookup) row 4 0.418
wide T=0.7 top-p 0.9 pos 0: n=1536 TV=0.0000 p=1
wide T=0.7 top-p 0.9 pos 1: n=1511 TV=0.0000 p=1
wide T=0.7 top-p 0.9 pos 2: n=1472 TV=0.0000 p=1
wide T=0.7 top-p 0.9 pos 3: n=1435 TV=0.0000 p=1
wide T=0.7 top-p 0.9 pos 4: n=1427 TV=0.0158 p=0.318
wide T=0.7 top-p 0.9 pos 5: n=608 TV=0.0194 p=0.598
wide T=0.7 top-p 0.9 pos 6: n=0 too few, not tested
.
=============================== warnings summary ===============================
test_plookup.py: 14 warnings
  /usr/local/lib/python3.12/dist-packages/torch/jit/_script.py:365: DeprecationWarning: `torch.jit.script_method` is deprecated. Please switch to `torch.compile` or `torch.export`.
    warnings.warn(

test_plookup.py::test_wide_temperature07_top_p_k4_l2_exact
  /usr/local/lib/python3.12/dist-packages/triton/runtime/interpreter.py:491: RuntimeWarning: invalid value encountered in subtract
    output = op(lhs.data, rhs.data)

test_plookup.py::test_wide_temperature07_top_p_k4_l2_exact
  /usr/local/lib/python3.12/dist-packages/triton/runtime/interpreter.py:594: RuntimeWarning: invalid value encountered in log
    return TensorHandle(op(arg.data), arg.dtype.scalar)

test_plookup.py::test_wide_temperature07_top_p_k4_l2_exact
  /usr/local/lib/python3.12/dist-packages/triton/runtime/interpreter.py:594: RuntimeWarning: divide by zero encountered in log
    return TensorHandle(op(arg.data), arg.dtype.scalar)

test_plookup.py::test_wide_temperature07_top_p_k4_l2_exact
  /usr/local/lib/python3.12/dist-packages/triton/runtime/interpreter.py:491: RuntimeWarning: invalid value encountered in add
    output = op(lhs.data, rhs.data)

-- Docs: https://docs.pytest.org/en/stable/how-to/capture-warnings.html
1 passed, 29 deselected, 18 warnings in 1157.19s (0:19:17)
rc=0
