/usr/local/lib/python3.12/dist-packages/hypothesis/_settings.py:193: HypothesisWarning: The database setting is not configured, and the default location is unusable - falling back to an in-memory database for this session.  path=PosixPath('/t/.hypothesis/examples')
  self, setting.name, getattr(defaults, setting.name)
Running 12 items in this shard
INFO 10-05 06:15:20 [triton_unified_attention.py:1242] UNO_GEMMA_SPLITKV_MULTI engaged seqs=2 width=5 head_size=256
INFO 10-05 06:15:20 [triton_unified_attention.py:1251] UNO_GEMMA_SPLITKV engaged width=5 head_size=256 q_heads=16 kv_heads=8 segments=16
head 256 width 5 B 2 ctx [205, 282]: max|multi - 2D| 0.000e+00
.INFO 10-05 06:15:24 [triton_unified_attention.py:1242] UNO_GEMMA_SPLITKV_MULTI engaged seqs=2 width=5 head_size=512
INFO 10-05 06:15:24 [triton_unified_attention.py:1251] UNO_GEMMA_SPLITKV engaged width=5 head_size=512 q_heads=16 kv_heads=2 segments=16
head 512 width 5 B 2 ctx [251, 157]: max|multi - 2D| 0.000e+00
.INFO 10-05 06:15:29 [triton_unified_attention.py:1242] UNO_GEMMA_SPLITKV_MULTI engaged seqs=2 width=6 head_size=256
INFO 10-05 06:15:29 [triton_unified_attention.py:1251] UNO_GEMMA_SPLITKV engaged width=6 head_size=256 q_heads=16 kv_heads=8 segments=16
head 256 width 6 B 2 ctx [242, 100]: max|multi - 2D| 0.000e+00
.INFO 10-05 06:15:33 [triton_unified_attention.py:1242] UNO_GEMMA_SPLITKV_MULTI engaged seqs=2 width=6 head_size=512
INFO 10-05 06:15:33 [triton_unified_attention.py:1251] UNO_GEMMA_SPLITKV engaged width=6 head_size=512 q_heads=16 kv_heads=2 segments=16
head 512 width 6 B 2 ctx [141, 299]: max|multi - 2D| 0.000e+00
.INFO 10-05 06:15:37 [triton_unified_attention.py:1242] UNO_GEMMA_SPLITKV_MULTI engaged seqs=2 width=8 head_size=256
INFO 10-05 06:15:37 [triton_unified_attention.py:1251] UNO_GEMMA_SPLITKV engaged width=8 head_size=256 q_heads=16 kv_heads=8 segments=16
head 256 width 8 B 2 ctx [233, 146]: max|multi - 2D| 0.000e+00
.INFO 10-05 06:15:42 [triton_unified_attention.py:1242] UNO_GEMMA_SPLITKV_MULTI engaged seqs=2 width=8 head_size=512
INFO 10-05 06:15:42 [triton_unified_attention.py:1251] UNO_GEMMA_SPLITKV engaged width=8 head_size=512 q_heads=16 kv_heads=2 segments=16
head 512 width 8 B 2 ctx [220, 223]: max|multi - 2D| 0.000e+00
.INFO 10-05 06:15:48 [triton_unified_attention.py:1242] UNO_GEMMA_SPLITKV_MULTI engaged seqs=4 width=5 head_size=256
head 256 width 5 B 4 ctx [45, 177, 176, 73]: max|multi - 2D| 0.000e+00
.INFO 10-05 06:15:54 [triton_unified_attention.py:1242] UNO_GEMMA_SPLITKV_MULTI engaged seqs=4 width=5 head_size=512
head 512 width 5 B 4 ctx [269, 110, 194, 290]: max|multi - 2D| 0.000e+00
.INFO 10-05 06:16:03 [triton_unified_attention.py:1242] UNO_GEMMA_SPLITKV_MULTI engaged seqs=4 width=6 head_size=256
head 256 width 6 B 4 ctx [212, 26, 34, 281]: max|multi - 2D| 0.000e+00
.INFO 10-05 06:16:10 [triton_unified_attention.py:1242] UNO_GEMMA_SPLITKV_MULTI engaged seqs=4 width=6 head_size=512
head 512 width 6 B 4 ctx [77, 88, 97, 108]: max|multi - 2D| 0.000e+00
.INFO 10-05 06:16:16 [triton_unified_attention.py:1242] UNO_GEMMA_SPLITKV_MULTI engaged seqs=4 width=8 head_size=256
head 256 width 8 B 4 ctx [168, 43, 149, 259]: max|multi - 2D| 0.000e+00
.INFO 10-05 06:16:25 [triton_unified_attention.py:1242] UNO_GEMMA_SPLITKV_MULTI engaged seqs=4 width=8 head_size=512
head 512 width 8 B 4 ctx [134, 292, 86, 191]: max|multi - 2D| 0.000e+00
.
=============================== warnings summary ===============================
<frozen importlib._bootstrap>:488
  <frozen importlib._bootstrap>:488: DeprecationWarning: builtin type SwigPyPacked has no __module__ attribute

<frozen importlib._bootstrap>:488
  <frozen importlib._bootstrap>:488: DeprecationWarning: builtin type SwigPyObject has no __module__ attribute

test_splitkv_multi_cpu.py::test_multi_request_split_kv_equals_one_request_split_kv[2-5-256-8-window0]
test_splitkv_multi_cpu.py::test_multi_request_split_kv_equals_one_request_split_kv[2-5-512-2-window1]
test_splitkv_multi_cpu.py::test_multi_request_split_kv_equals_one_request_split_kv[2-6-256-8-window0]
test_splitkv_multi_cpu.py::test_multi_request_split_kv_equals_one_request_split_kv[4-5-256-8-window0]
test_splitkv_multi_cpu.py::test_multi_request_split_kv_equals_one_request_split_kv[4-5-512-2-window1]
test_splitkv_multi_cpu.py::test_multi_request_split_kv_equals_one_request_split_kv[4-6-256-8-window0]
  /usr/local/lib/python3.12/dist-packages/triton/runtime/interpreter.py:491: RuntimeWarning: invalid value encountered in divide
    output = op(lhs.data, rhs.data)

-- Docs: https://docs.pytest.org/en/stable/how-to/capture-warnings.html
12 passed, 4 deselected, 8 warnings in 76.21s (0:01:16)
sys:1: DeprecationWarning: builtin type swigvarlink has no __module__ attribute
